// Jest Snapshot v1, https://goo.gl/fbAQLP

exports[`Repos rendering 1`] = `"<div class=\\"container mb-3\\"><div class=\\"d-flex mb-3\\"><div class=\\"mr-auto\\"><h3>Repositories by </h3></div></div> <div class=\\"card-columns\\"></div></div>"`;
