// Jest Snapshot v1, https://goo.gl/fbAQLP

exports[`App rendering 1`] = `"<div id=\\"app\\"><header-stub></header-stub> <searchform-stub></searchform-stub> <!----></div>"`;
